// Jest Snapshot v1, https://goo.gl/fbAQLP

exports[`renders correctly 1`] = `
<div>
  <div
    className="container"
    style={
      Object {
        "backgroundColor": "#B9B4C7",
        "borderRadius": "20px",
        "color": "rgb(53, 47, 68)",
      }
    }
  >
    <div
      className="row"
    >
      <h1>
        HackemTunes
      </h1>
    </div>
    <div
      className="row"
    >
      <div
        className="container"
        style={
          Object {
            "paddingLeft": "10%",
            "paddingRight": "10%",
          }
        }
      >
        <form
          className=""
          style={
            Object {
              "color": "rgb(53, 47, 68, 0.7)",
            }
          }
        >
          <div
            className="input-group"
            style={
              Object {
                "paddingBottom": "3%",
              }
            }
          >
            <input
              className="form-control"
              onChange={[Function]}
              placeholder="Search by keyword"
            />
            <button
              className="btn btn-secondary"
              disabled={false}
              onClick={[Function]}
              type="button"
            >
              Search
            </button>
            <a
              className="btn btn-secondary"
              disabled={false}
              href="/favorites"
              onClick={[Function]}
              onKeyDown={[Function]}
              role="button"
              tabIndex={0}
            >
              <svg
                fill="currentColor"
                height="1em"
                stroke="currentColor"
                strokeWidth="0"
                style={
                  Object {
                    "color": undefined,
                  }
                }
                viewBox="0 0 1024 1024"
                width="1em"
                xmlns="http://www.w3.org/2000/svg"
              >
                <path
                  d="M923 283.6a260.04 260.04 0 0 0-56.9-82.8 264.4 264.4 0 0 0-84-55.5A265.34 265.34 0 0 0 679.7 125c-49.3 0-97.4 13.5-139.2 39-10 6.1-19.5 12.8-28.5 20.1-9-7.3-18.5-14-28.5-20.1-41.8-25.5-89.9-39-139.2-39-35.5 0-69.9 6.8-102.4 20.3-31.4 13-59.7 31.7-84 55.5a258.44 258.44 0 0 0-56.9 82.8c-13.9 32.3-21 66.6-21 101.9 0 33.3 6.8 68 20.3 103.3 11.3 29.5 27.5 60.1 48.2 91 32.8 48.9 77.9 99.9 133.9 151.6 92.8 85.7 184.7 144.9 188.6 147.3l23.7 15.2c10.5 6.7 24 6.7 34.5 0l23.7-15.2c3.9-2.5 95.7-61.6 188.6-147.3 56-51.7 101.1-102.7 133.9-151.6 20.7-30.9 37-61.5 48.2-91 13.5-35.3 20.3-70 20.3-103.3.1-35.3-7-69.6-20.9-101.9z"
                />
              </svg>
            </a>
          </div>
          <div>
            <div
              className="form-check form-check-inline"
            >
              <input
                className="form-check-input"
                defaultChecked={true}
                disabled={false}
                id="inline-radio-app"
                name="media"
                onClick={[Function]}
                type="radio"
              />
              <label
                className="form-check-label"
                htmlFor="inline-radio-app"
                title=""
              >
                App
              </label>
            </div>
            <div
              className="form-check form-check-inline"
            >
              <input
                className="form-check-input"
                disabled={false}
                id="inline-radio-iBooks"
                name="media"
                onClick={[Function]}
                type="radio"
              />
              <label
                className="form-check-label"
                htmlFor="inline-radio-iBooks"
                title=""
              >
                iBooks
              </label>
            </div>
            <div
              className="form-check form-check-inline"
            >
              <input
                className="form-check-input"
                disabled={false}
                id="inline-radio-movies"
                name="media"
                onClick={[Function]}
                type="radio"
              />
              <label
                className="form-check-label"
                htmlFor="inline-radio-movies"
                title=""
              >
                Movies
              </label>
            </div>
            <div
              className="form-check form-check-inline"
            >
              <input
                className="form-check-input"
                disabled={false}
                id="inline-radio-podcast"
                name="media"
                onClick={[Function]}
                type="radio"
              />
              <label
                className="form-check-label"
                htmlFor="inline-radio-podcast"
                title=""
              >
                Podcast
              </label>
            </div>
            <div
              className="form-check form-check-inline"
            >
              <input
                className="form-check-input"
                disabled={false}
                id="inline-radio-music"
                name="media"
                onClick={[Function]}
                type="radio"
              />
              <label
                className="form-check-label"
                htmlFor="inline-radio-music"
                title=""
              >
                Music
              </label>
            </div>
            <div
              className="form-check form-check-inline"
            >
              <input
                className="form-check-input"
                disabled={false}
                id="inline-radio-musicVideos"
                name="media"
                onClick={[Function]}
                type="radio"
              />
              <label
                className="form-check-label"
                htmlFor="inline-radio-musicVideos"
                title=""
              >
                Music videos
              </label>
            </div>
            <div
              className="form-check form-check-inline"
            >
              <input
                className="form-check-input"
                disabled={false}
                id="inline-radio-audioBooks"
                name="media"
                onClick={[Function]}
                type="radio"
              />
              <label
                className="form-check-label"
                htmlFor="inline-radio-audioBooks"
                title=""
              >
                Audio Books
              </label>
            </div>
            <div
              className="form-check form-check-inline"
            >
              <input
                className="form-check-input"
                disabled={false}
                id="inline-radio-tvShows"
                name="media"
                onClick={[Function]}
                type="radio"
              />
              <label
                className="form-check-label"
                htmlFor="inline-radio-tvShows"
                title=""
              >
                TV-shows
              </label>
            </div>
            <div
              className="form-check form-check-inline"
            >
              <input
                className="form-check-input"
                disabled={false}
                id="inline-radio-shortFilm"
                name="media"
                onClick={[Function]}
                type="radio"
              />
              <label
                className="form-check-label"
                htmlFor="inline-radio-shortFilm"
                title=""
              >
                Short Film
              </label>
            </div>
          </div>
        </form>
      </div>
    </div>
  </div>
  <div
    style={
      Object {
        "paddingTop": "30px",
      }
    }
  >
    <div
      className="container"
    >
      <div
        className="row"
      >
        <div />
      </div>
    </div>
  </div>
</div>
`;
